kind=5
name=Alice
age=30
ok=true
nullkind=0
missing-nil
tagslen=2
tag0=a
city=Zurich
u=A
{"name":"Alice","age":30,"ok":true,"nothing":null,"tags":["a","b"],"addr":{"city":"Zurich","zip":8000}}
arrlen=3
arr1=2
[1,2,3]
numkind=2
numval=42
42
strroot=hi
strstr="hi"
bad-parse-nil
str-null=null
map-obj={"name":"Bob","age":42}
