{type = list, size = 3, keys = [red, green, blue]}
{type = list, size = 6, keys = [name, plant, kind, tree, year, 2026]}
{type = null, size = 0, keys = []}
{type = int, size = 1, keys = []}
{type = string, size = 3, keys = []}
{type = string, size = 11, keys = []}
s{type = int, size = 4, keys = []}
