== vectors ==
11
5
0,0,1
-3
== transpose ==
1,3,2,4
1,2,3
== det ==
-2
-3
5
== inverse ==
-2,1,1.5,-0.5
0.5,0,0,0.5
== matrix_mult ==
7,10,15,22
32
== errors ==
ERR
ERR
ERROR: Cannot multiply matrices: incompatible dimensions. A is 1x2, B is 1x2. Columns of A (2) must equal rows of B (1).
ERROR: Cannot compute determinant: matrix must be square. Got 2x3 matrix.
ERROR: Cannot compute inverse: matrix is singular (det = 0).
ERR
ERR
ERR
== scalar roundtrip ==
-2
