s1
got zero: zero msg
s2
got lock: lock msg
s3
got missing: missing msg
s4
got network: network msg
s5
got lost: lost msg
s6
got range: range msg
s7
got type: type msg
s8
got parse: parse msg
s9
got handle: handle msg
s10
got harvest: harvest msg
s11
got fall: fall msg
s12
got any: free-form kind
done
