division by zero
operation locked or forbidden
missing symbol, file, or value
network or I/O failure
data lost or unavailable
index or range out of bounds
type or conversion mismatch
malformed input or syntax error
invalid or closed resource handle
HTTP harvest failed
requested abort or termination
unclassified storm
(unclassified storm)
done
